[1mName[22m                   [1mTitle[22m                  [1mSubTitle[22m    [1mAuthors[22m               
Beatrix Potter -       Histoire de Pierre     <no value>  [Beatrix Potter]      
Histoire de Pierre     Lapin                                                    
Lapin.epub                                                                      
Chengen Wu -           西遊記                 <no value>  [Cheng'en Wu]         
西遊記.epub                                                                     
Gottfried Bürger -     Aventures de Baron de  Large Print [Gottfried Bürger     
Aventures de Baron de  Munchausen                         Rudolf Raspe]         
Munchausen.epub                                                                 
Jules Verne - Fiche de Fiche de lecture       <no value>  [Jules Verne]         
lecture Voyage au      Voyage au centre de la                                   
centre de la Terre     Terre (résumé détaillé                                   
résumé détaillé et     et analyse littéraire                                    
analyse littéraire de  de référence)                                            
référence.epub                                                                  
Jules Verne - Vingt    Vingt mille lieues     <no value>  [Jules Verne]         
mille lieues sous les  sous les mers                                            
mers.epub                                                                       
Lewis Carroll - Alices Alice's Adventures in  <no value>  [Lewis Carroll]       
Adventures in          Wonderland & Through                                     
Wonderland  Through    the Looking-glass                                        
the Looking-glass.epub                                                          
Sophie Rostopchine     Les mémoires d’un âne  <no value>  [Sophie Rostopchine,  
comtesse de Ségur                                         comtesse de Ségur,    
présenté par Didier                                       présenté par Didier   
Hallépée - Les                                            Hallépée]             
mémoires dun âne.epub                                                           
