[1mName[22m                       [1mTitle[22m                      [1mAuthors[22m                   
Lewis Carroll - Alices     Alice's Adventures in      [Lewis Carroll]           
Adventures in Wonderland   Wonderland & Through the                             
Through the                Looking-glass                                        
Looking-glass.epub                                                              
Sophie Rostopchine         Les mémoires d’un âne      [Sophie Rostopchine,      
comtesse de Ségur présenté                            comtesse de Ségur,        
par Didier Hallépée - Les                             présenté par Didier       
mémoires dun âne.epub                                 Hallépée]                 
Arthur Conan Doyle - The   The Adventures of Sherlock [Arthur Conan Doyle]      
Adventures of Sherlock     Holmes                                               
Holmes.epub                                                                     
Chengen Wu - 西遊記.epub   西遊記                     [Cheng'en Wu]             
Beatrix Potter - Histoire  Histoire de Pierre Lapin   [Beatrix Potter]          
de Pierre Lapin.epub                                                            
Jules Verne - Voyage au    Voyage au centre de la     [Jules Verne]             
centre de la terre.epub    terre                                                
Gottfried August Bürger -  Aventures de Baron de      [Gottfried August Bürger  
Aventures de Baron de      Münchausen                 Rudolf Erich Raspe]       
Münchausen.epub                                                                 
Jules Verne - Vingt mille  Vingt mille lieues sous    [Jules Verne]             
lieues sous les mers.epub  les mers                                             
