[1mName[22m                          [1mTitle[22m                         [1mAuthors[22m             
Arthur Conan Doyle - The      The Adventures of Sherlock    [Arthur Conan Doyle]
Adventures of Sherlock        Holmes                                            
Holmes.epub                                                                     
[1mName[22m                                   [1mTitle[22m                    [1mAuthors[22m         
Beatrix Potter - Histoire de Pierre    Histoire de Pierre Lapin [Beatrix Potter]
Lapin.epub                                                                      
[1mName[22m                     [1mTitle[22m  [1mAuthors[22m      
Chengen Wu - 西遊記.epub 西遊記 [Cheng'en Wu]
[1mName[22m                   [1mTitle[22m                  [1mSubTitle[22m    [1mAuthors[22m               
Gottfried Bürger -     Aventures de Baron de  Large Print [Gottfried Bürger     
Aventures de Baron de  Munchausen                         Rudolf Raspe]         
Munchausen.epub                                                                 
[1mName[22m                             [1mTitle[22m                            [1mAuthors[22m      
Jules Verne - Fiche de lecture   Fiche de lecture Voyage au       [Jules Verne]
Voyage au centre de la Terre     centre de la Terre (résumé                    
résumé détaillé et analyse       détaillé et analyse littéraire                
littéraire de référence.epub     de référence)                                 
[1mName[22m                              [1mTitle[22m                            [1mAuthors[22m      
Jules Verne - Vingt mille lieues  Vingt mille lieues sous les mers [Jules Verne]
sous les mers.epub                                                              
[1mName[22m                            [1mTitle[22m                           [1mAuthors[22m        
Lewis Carroll - Alices          Alice's Adventures in           [Lewis Carroll]
Adventures in Wonderland        Wonderland & Through the                       
Through the Looking-glass.epub  Looking-glass                                  
[1mName[22m                         [1mTitle[22m                 [1mAuthors[22m                     
Sophie Rostopchine comtesse  Les mémoires d’un âne [Sophie Rostopchine,        
de Ségur présenté par Didier                       comtesse de Ségur, présenté 
Hallépée - Les mémoires dun                        par Didier Hallépée]        
âne.epub                                                                       
