[1mName[22m          [1mTitle[22m         [1mSubTitle[22m    [1mSerie[22m      [1mSeriePosition[22m [1mAuthors[22m      
Arthur Conan  The           <no value>  <no value> <no value>    [Arthur Conan
Doyle - The   Adventures of                                      Doyle]       
Adventures of Sherlock                                                        
Sherlock      Holmes                                                          
Holmes.epub                                                                   
Beatrix       Histoire de   <no value>  <no value> <no value>    [Beatrix     
Potter -      Pierre Lapin                                       Potter]      
Histoire de                                                                   
Pierre                                                                        
Lapin.epub                                                                    
Chengen Wu -  西遊記        <no value>  <no value> <no value>    [Cheng'en Wu]
西遊記.epub                                                                   
Gottfried     Aventures de  Large Print <no value> <no value>    [Gottfried   
Bürger -      Baron de                                           Bürger Rudolf
Aventures de  Munchausen                                         Raspe]       
Baron de                                                                      
Munchausen.ep                                                                 
ub                                                                            
Jules Verne - Fiche de      <no value>  <no value> <no value>    [Jules Verne]
Fiche de      lecture                                                         
lecture       Voyage au                                                       
Voyage au     centre de la                                                    
centre de la  Terre (résumé                                                   
Terre résumé  détaillé et                                                     
détaillé et   analyse                                                         
analyse       littéraire de                                                   
littéraire de référence)                                                      
référence.epu                                                                 
b                                                                             
Jules Verne - Vingt mille   <no value>  <no value> <no value>    [Jules Verne]
Vingt mille   lieues sous                                                     
lieues sous   les mers                                                        
les mers.epub                                                                 
Lewis Carroll Alice's       <no value>  <no value> <no value>    [Lewis       
- Alices      Adventures in                                      Carroll]     
Adventures in Wonderland &                                                    
Wonderland    Through the                                                     
Through the   Looking-glass                                                   
Looking-glass                                                                 
.epub                                                                         
Sophie        Les mémoires  <no value>  <no value> <no value>    [Sophie      
Rostopchine   d’un âne                                           Rostopchine, 
comtesse de                                                      comtesse de  
Ségur                                                            Ségur,       
présenté par                                                     présenté par 
Didier                                                           Didier       
Hallépée -                                                       Hallépée]    
Les mémoires                                                                  
dun âne.epub                                                                  