[1mName[22m           [1mTitle[22m          [1mSubTitle[22m   [1mSerie[22m      [1mSeriePosition[22m [1mAuthors[22m       
Arthur Conan   The Adventures <no value> <no value> <no value>    [Arthur Conan 
Doyle - The    of Sherlock                                        Doyle]        
Adventures of  Holmes                                                           
Sherlock                                                                        
Holmes.epub                                                                     
Lewis Carroll  Alice's        <no value> <no value> <no value>    [Lewis        
- Alices       Adventures in                                      Carroll]      
Adventures in  Wonderland &                                                     
Wonderland     Through the                                                      
Through the    Looking-glass                                                    
Looking-glass.                                                                  
epub                                                                            