[34mArthur Conan Doyle - The Adventures of Sherlock Holmes.epub[39m[9m[29m
[34mBeatrix Potter - Histoire de Pierre Lapin.epub[39m[9m[29m
[34mChengen Wu - 西遊記.epub[39m[9m[29m
[34mGottfried Bürger - Aventures de Baron de Munchausen.epub[39m[9m[29m
[34mJules Verne - Fiche de lecture Voyage au centre de la Terre résumé détaillé et analyse littéraire de référence.epub[39m[9m[29m
[34mJules Verne - Vingt mille lieues sous les mers.epub[39m[9m[29m
[34mLewis Carroll - Alices Adventures in Wonderland  Through the Looking-glass.epub[39m[9m[29m
[34mSophie Rostopchine comtesse de Ségur présenté par Didier Hallépée - Les mémoires dun âne.epub[39m[9m[29m
